// Jest Snapshot v1, https://goo.gl/fbAQLP

exports[`Header component should render correctly 1`] = `
<header
  className="flex items-center justify-between p-4 bg-gray-800 border-b"
>
  <div
    className="max-w-4xl mx-auto w-full flex items-center justify-between"
  >
    <div
      className="flex items-center"
    >
      <h2
        className="text-xl font-semibold text-gray-800 dark:text-white"
      >
        My Encord App
      </h2>
    </div>
  </div>
</header>
`;
